vagne@DESKTOP-9NEV8OJ MINGW64 /g/Meu Drive/git teste (Vagner
$ git status / Agora com o repositório inicializado o git começa a mostrar as mudanças feitas 
On branch Vagner

No commits yet

Untracked files: / Quando elle está como Untracked, significa que o git ainda não da muita importância pra ele
  (use "git add <file>..." to include in what will be committed)
        hello.txt   / Esse é o arquivo novo dentro da pasta

nothing added to commit but untracked files present (use "git add" to track)

vagne@DESKTOP-9NEV8OJ MINGW64 /g/Meu Drive/git teste (Vagner)
$ git add hello.txt / Adiciona o arquivo selecionado a area de espere(stage area)

vagne@DESKTOP-9NEV8OJ MINGW64 /g/Meu Drive/git teste (Vagner)
$ git status
On branch Vagner

No commits yet

Changes to be committed:
  (use "git rm --cached <file>..." to unstage)
        new file:   hello.txt / Aqui ele aparecera que esta´na fila de espera "em verde".

Para adicionar varios arquivos de uma só vez temos.
As 3 formas tem o mesmo resultado.
git add .
git add -A
git add --all
